// Jest Snapshot v1, https://goo.gl/fbAQLP

exports[`delete_folder when all operations are successfull calls delete_file with all files that should be deleted 1`] = `
Array [
  Array [
    "first_file",
  ],
  Array [
    "second_file",
  ],
  Array [
    "recursive_first_file",
  ],
  Array [
    "recursive_second_file",
  ],
]
`;

exports[`delete_folder when list_all_files throws an error rejects with the error 1`] = `"we do what we must because we can"`;
