// Jest Snapshot v1, https://goo.gl/fbAQLP

exports[`list_all_files when getItems throws an error rejects with the error 1`] = `"NOOOOOO"`;

exports[`list_all_files when there are no errors passes in correct default parameters 1`] = `
Object {
  "fields": "name",
  "limit": 100,
  "offset": 0,
}
`;

exports[`list_all_files when there are no errors returns expected resolution 1`] = `
Object {
  "entries": Array [
    "watup fam1",
    "watup fam2",
    "watup fam3",
    "watup fam4",
    "watup fam5",
    "watup fam6",
    "watup fam7",
    "watup fam8",
    "watup fam9",
    "watup fam10",
  ],
  "total_count": 10,
}
`;
