// Jest Snapshot v1, https://goo.gl/fbAQLP

exports[`GoogleDrive functions delete_file delete successfull when response is "done" 1`] = `"done!"`;

exports[`GoogleDrive functions delete_file rejects with no parameter 1`] = `"Expected file id parameter"`;

exports[`GoogleDrive functions upload_file rejects when file not found 1`] = `"ENOENT: no such file or directory, stat 'A:\\\\notafile\\\\lol'"`;

exports[`GoogleDrive functions upload_file rejects when path is directory 1`] = `"Path represents a directory. Please use upload_folder."`;

exports[`GoogleDrive functions upload_file rejects with no parameter 1`] = `"Missing file path parameter."`;
