// Jest Snapshot v1, https://goo.gl/fbAQLP

exports[`GoogleDrive authentication_token fs.writeFile on error function throws an error if not null 1`] = `
"Error saving Google Drive Credentials file:
oh golly, everything is broken"
`;

exports[`GoogleDrive integration credentials connection authenticate fails with an error when passed in no props 1`] = `"Argument is undefined."`;

exports[`GoogleDrive integration function authenticate when empty props are passed in an error is thrown 1`] = `"Argument must contain either \\"authentication_token\\" and \\"redirect_uri\\" or both \\"access_token\\" and \\"refresh_token\\"."`;

exports[`GoogleDrive integration function delete_file delete successfull when response is "done" 1`] = `undefined`;

exports[`GoogleDrive integration function delete_file rejects with no parameter 1`] = `"Expected file id parameter"`;

exports[`GoogleDrive integration function list_all_files when google drive api returns an error function rejects 1`] = `"super fancy error from google"`;

exports[`GoogleDrive integration function list_all_files when list_files returns a list of 0 files function resolves with an array of length 0 1`] = `
Object {
  "files": Array [],
}
`;

exports[`GoogleDrive integration function list_files next page token rejects if invalid 1`] = `"Invalid Value"`;

exports[`GoogleDrive integration function list_files page size rejects if negative 1`] = `"Invalid value '-5'. Values must be within the range: [1, 1000]"`;

exports[`GoogleDrive integration function list_files when google drive api returns an error function rejects 1`] = `"super fancy error from google"`;

exports[`GoogleDrive integration function upload_file rejects when path is directory 1`] = `"Path represents a directory. Please use upload_folder."`;

exports[`GoogleDrive integration function upload_file rejects with no parameter 1`] = `"Missing file path parameter."`;

exports[`GoogleDrive integration function upload_file rejects with the google drive api when it returns an error 1`] = `"super fancy error from google"`;
