// Jest Snapshot v1, https://goo.gl/fbAQLP

exports[`GoogleDrive integration function authenticate when empty props are passed in an error is thrown 1`] = `"Argument must contain either \\"authentication_token\\" and \\"redirect_uri\\" or both \\"access_token\\" and \\"refresh_token\\"."`;

exports[`GoogleDrive integration function delete_file delete successfull when response is "done" 1`] = `"done!"`;

exports[`GoogleDrive integration function delete_file rejects with no parameter 1`] = `"Expected file id parameter"`;

exports[`GoogleDrive integration function list_all_files when google drive api returns an error function rejects 1`] = `"super fancy error from google"`;

exports[`GoogleDrive integration function list_files next page token rejects if invalid 1`] = `"Invalid Value"`;

exports[`GoogleDrive integration function list_files page size rejects if negative 1`] = `"Invalid value '-5'. Values must be within the range: [1, 1000]"`;

exports[`GoogleDrive integration function list_files when google drive api returns an error function rejects 1`] = `"super fancy error from google"`;

exports[`GoogleDrive integration function upload_file rejects when path is directory 1`] = `"Path represents a directory. Please use upload_folder."`;

exports[`GoogleDrive integration function upload_file rejects with no parameter 1`] = `"Missing file path parameter."`;

exports[`GoogleDrive integration function upload_file rejects with the google drive api when it returns an error 1`] = `"super fancy error from google"`;
